2026-08-03T11:35:33.083+03:00  INFO 22256 --- [spring-reddit] [restartedMain] c.example.springreddit.DemoApplication   : Starting DemoApplication using Java 26.0.2 with PID 22256 (C:\Users\Bizanu\Desktop\Spring_Reddit\SpringReddit\target\classes started by Bizanu in C:\Users\Bizanu\Desktop\Spring_Reddit)
2026-08-03T11:35:33.092+03:00 DEBUG 22256 --- [spring-reddit] [restartedMain] c.example.springreddit.DemoApplication   : Running with Spring Boot v4.1.0, Spring v7.0.8
2026-08-03T11:35:33.093+03:00  INFO 22256 --- [spring-reddit] [restartedMain] c.example.springreddit.DemoApplication   : No active profile set, falling back to 1 default profile: "default"
2026-08-03T11:35:33.168+03:00  INFO 22256 --- [spring-reddit] [restartedMain] .e.DevToolsPropertyDefaultsPostProcessor : Devtools property defaults active! Set 'spring.devtools.add-properties' to 'false' to disable
2026-08-03T11:35:33.168+03:00  INFO 22256 --- [spring-reddit] [restartedMain] .e.DevToolsPropertyDefaultsPostProcessor : For additional web related logging consider setting the 'logging.level.web' property to 'DEBUG'
2026-08-03T11:35:34.289+03:00  INFO 22256 --- [spring-reddit] [restartedMain] .s.d.r.c.RepositoryConfigurationDelegate : Bootstrapping Spring Data JPA repositories in DEFAULT mode.
2026-08-03T11:35:34.398+03:00  INFO 22256 --- [spring-reddit] [restartedMain] .s.d.r.c.RepositoryConfigurationDelegate : Finished Spring Data repository scanning in 98 ms. Found 6 JPA repository interfaces.
2026-08-03T11:35:35.254+03:00  INFO 22256 --- [spring-reddit] [restartedMain] o.s.boot.tomcat.TomcatWebServer          : Tomcat initialized with port 8080 (http)
2026-08-03T11:35:35.310+03:00  INFO 22256 --- [spring-reddit] [restartedMain] o.apache.catalina.core.StandardService   : Starting service [Tomcat]
2026-08-03T11:35:35.311+03:00  INFO 22256 --- [spring-reddit] [restartedMain] o.apache.catalina.core.StandardEngine    : Starting Servlet engine: [Apache Tomcat/11.0.22]
2026-08-03T11:35:35.506+03:00  INFO 22256 --- [spring-reddit] [restartedMain] b.w.c.s.WebApplicationContextInitializer : Root WebApplicationContext: initialization completed in 2318 ms
2026-08-03T11:35:35.872+03:00  INFO 22256 --- [spring-reddit] [restartedMain] org.hibernate.orm.jpa                    : HHH008540: Processing PersistenceUnitInfo [name: default]
2026-08-03T11:35:35.995+03:00  INFO 22256 --- [spring-reddit] [restartedMain] org.hibernate.orm.core                   : HHH000001: Hibernate ORM core version 7.4.1.Final
2026-08-03T11:35:36.739+03:00  INFO 22256 --- [spring-reddit] [restartedMain] o.s.o.j.p.SpringPersistenceUnitInfo      : No LoadTimeWeaver setup: ignoring JPA class transformer
2026-08-03T11:35:36.795+03:00  INFO 22256 --- [spring-reddit] [restartedMain] com.zaxxer.hikari.HikariDataSource       : HikariPool-1 - Starting...
2026-08-03T11:35:40.147+03:00  INFO 22256 --- [spring-reddit] [restartedMain] com.zaxxer.hikari.pool.HikariPool        : HikariPool-1 - Added connection org.postgresql.jdbc.PgConnection@1ab72381
2026-08-03T11:35:40.149+03:00  INFO 22256 --- [spring-reddit] [restartedMain] com.zaxxer.hikari.HikariDataSource       : HikariPool-1 - Start completed.
2026-08-03T11:35:40.468+03:00  INFO 22256 --- [spring-reddit] [restartedMain] org.hibernate.orm.connections.pooling    : HHH10001005: Database info:
	Database JDBC URL [jdbc:postgresql://ep-holy-wildflower-asaltfim-pooler.c-4.eu-central-1.aws.neon.tech/neondb?sslmode=require]
	Database driver: PostgreSQL JDBC Driver
	Database dialect: PostgreSQLDialect
	Database version: 18.4
	Default catalog/schema: neondb/public
	Autocommit mode: undefined/unknown
	Isolation level: READ_COMMITTED [default READ_COMMITTED]
	JDBC fetch size: none
	Pool: DataSourceConnectionProvider
	Minimum pool size: undefined/unknown
	Maximum pool size: undefined/unknown
2026-08-03T11:35:41.963+03:00  INFO 22256 --- [spring-reddit] [restartedMain] org.hibernate.orm.core                   : HHH000489: No JTA platform available (set 'hibernate.transaction.jta.platform' to enable JTA platform integration)
2026-08-03T11:35:42.563+03:00  INFO 22256 --- [spring-reddit] [restartedMain] j.LocalContainerEntityManagerFactoryBean : Initialized JPA EntityManagerFactory for persistence unit 'default'
2026-08-03T11:35:42.823+03:00  INFO 22256 --- [spring-reddit] [restartedMain] o.s.d.j.r.query.QueryEnhancerFactories   : Hibernate is in classpath; If applicable, HQL parser will be used.
2026-08-03T11:35:45.380+03:00  INFO 22256 --- [spring-reddit] [restartedMain] o.s.boot.tomcat.TomcatWebServer          : Tomcat started on port 8080 (http) with context path '/'
2026-08-03T11:35:45.386+03:00  INFO 22256 --- [spring-reddit] [restartedMain] c.example.springreddit.DemoApplication   : Started DemoApplication in 12.971 seconds (process running for 19.276)
2026-08-03T11:36:07.461+03:00  INFO 22256 --- [spring-reddit] [File Watcher] rtingClassPathChangeChangedEventListener : Restarting due to 57 class path changes (0 additions, 56 deletions, 1 modification)
2026-08-03T11:36:07.468+03:00  INFO 22256 --- [spring-reddit] [Thread-1] o.s.boot.tomcat.GracefulShutdown         : Commencing graceful shutdown. Waiting for active requests to complete
2026-08-03T11:36:07.492+03:00  INFO 22256 --- [spring-reddit] [tomcat-shutdown] o.s.boot.tomcat.GracefulShutdown         : Graceful shutdown complete
2026-08-03T11:36:07.499+03:00  INFO 22256 --- [spring-reddit] [Thread-1] j.LocalContainerEntityManagerFactoryBean : Closing JPA EntityManagerFactory for persistence unit 'default'
2026-08-03T11:36:07.504+03:00  INFO 22256 --- [spring-reddit] [Thread-1] com.zaxxer.hikari.HikariDataSource       : HikariPool-1 - Shutdown initiated...
2026-08-03T11:36:07.813+03:00  INFO 22256 --- [spring-reddit] [Thread-1] com.zaxxer.hikari.HikariDataSource       : HikariPool-1 - Shutdown completed.
2026-08-03T11:36:07.976+03:00  INFO 22256 --- [spring-reddit] [restartedMain] c.example.springreddit.DemoApplication   : Starting DemoApplication using Java 26.0.2 with PID 22256 (C:\Users\Bizanu\Desktop\Spring_Reddit\SpringReddit\target\classes started by Bizanu in C:\Users\Bizanu\Desktop\Spring_Reddit)
2026-08-03T11:36:07.976+03:00 DEBUG 22256 --- [spring-reddit] [restartedMain] c.example.springreddit.DemoApplication   : Running with Spring Boot v4.1.0, Spring v7.0.8
2026-08-03T11:36:07.976+03:00  INFO 22256 --- [spring-reddit] [restartedMain] c.example.springreddit.DemoApplication   : No active profile set, falling back to 1 default profile: "default"
2026-08-03T11:36:08.234+03:00  INFO 22256 --- [spring-reddit] [restartedMain] .s.d.r.c.RepositoryConfigurationDelegate : Bootstrapping Spring Data JPA repositories in DEFAULT mode.
2026-08-03T11:36:08.236+03:00  INFO 22256 --- [spring-reddit] [restartedMain] .s.d.r.c.RepositoryConfigurationDelegate : Finished Spring Data repository scanning in 0 ms. Found 0 JPA repository interfaces.
2026-08-03T11:36:08.349+03:00  INFO 22256 --- [spring-reddit] [restartedMain] o.s.boot.tomcat.TomcatWebServer          : Tomcat initialized with port 8080 (http)
2026-08-03T11:36:08.350+03:00  INFO 22256 --- [spring-reddit] [restartedMain] o.apache.catalina.core.StandardService   : Starting service [Tomcat]
2026-08-03T11:36:08.351+03:00  INFO 22256 --- [spring-reddit] [restartedMain] o.apache.catalina.core.StandardEngine    : Starting Servlet engine: [Apache Tomcat/11.0.22]
2026-08-03T11:36:08.381+03:00  INFO 22256 --- [spring-reddit] [restartedMain] b.w.c.s.WebApplicationContextInitializer : Root WebApplicationContext: initialization completed in 401 ms
2026-08-03T11:36:08.417+03:00  INFO 22256 --- [spring-reddit] [restartedMain] org.hibernate.orm.jpa                    : HHH008540: Processing PersistenceUnitInfo [name: default]
2026-08-03T11:36:08.460+03:00  INFO 22256 --- [spring-reddit] [restartedMain] o.s.o.j.p.SpringPersistenceUnitInfo      : No LoadTimeWeaver setup: ignoring JPA class transformer
2026-08-03T11:36:08.462+03:00  INFO 22256 --- [spring-reddit] [restartedMain] com.zaxxer.hikari.HikariDataSource       : HikariPool-2 - Starting...
2026-08-03T11:36:08.759+03:00  INFO 22256 --- [spring-reddit] [restartedMain] com.zaxxer.hikari.pool.HikariPool        : HikariPool-2 - Added connection org.postgresql.jdbc.PgConnection@498fc0e
2026-08-03T11:36:08.760+03:00  INFO 22256 --- [spring-reddit] [restartedMain] com.zaxxer.hikari.HikariDataSource       : HikariPool-2 - Start completed.
2026-08-03T11:36:08.942+03:00  INFO 22256 --- [spring-reddit] [restartedMain] org.hibernate.orm.connections.pooling    : HHH10001005: Database info:
	Database JDBC URL [jdbc:postgresql://ep-holy-wildflower-asaltfim-pooler.c-4.eu-central-1.aws.neon.tech/neondb?sslmode=require]
	Database driver: PostgreSQL JDBC Driver
	Database dialect: PostgreSQLDialect
	Database version: 18.4
	Default catalog/schema: neondb/public
	Autocommit mode: undefined/unknown
	Isolation level: READ_COMMITTED [default READ_COMMITTED]
	JDBC fetch size: none
	Pool: DataSourceConnectionProvider
	Minimum pool size: undefined/unknown
	Maximum pool size: undefined/unknown
2026-08-03T11:36:08.970+03:00  INFO 22256 --- [spring-reddit] [restartedMain] org.hibernate.orm.core                   : HHH000489: No JTA platform available (set 'hibernate.transaction.jta.platform' to enable JTA platform integration)
2026-08-03T11:36:09.073+03:00  INFO 22256 --- [spring-reddit] [restartedMain] j.LocalContainerEntityManagerFactoryBean : Initialized JPA EntityManagerFactory for persistence unit 'default'
2026-08-03T11:36:09.231+03:00  INFO 22256 --- [spring-reddit] [restartedMain] o.s.boot.tomcat.TomcatWebServer          : Tomcat started on port 8080 (http) with context path '/'
2026-08-03T11:36:09.237+03:00  INFO 22256 --- [spring-reddit] [restartedMain] c.example.springreddit.DemoApplication   : Started DemoApplication in 1.293 seconds (process running for 43.127)
2026-08-03T11:36:09.239+03:00  INFO 22256 --- [spring-reddit] [restartedMain] .ConditionEvaluationDeltaLoggingListener : Condition evaluation unchanged
2026-08-03T11:36:11.648+03:00  INFO 22256 --- [spring-reddit] [File Watcher] rtingClassPathChangeChangedEventListener : Restarting due to 56 class path changes (56 additions, 0 deletions, 0 modifications)
2026-08-03T11:36:11.649+03:00  INFO 22256 --- [spring-reddit] [Thread-5] o.s.boot.tomcat.GracefulShutdown         : Commencing graceful shutdown. Waiting for active requests to complete
2026-08-03T11:36:11.664+03:00  INFO 22256 --- [spring-reddit] [tomcat-shutdown] o.s.boot.tomcat.GracefulShutdown         : Graceful shutdown complete
2026-08-03T11:36:11.666+03:00  INFO 22256 --- [spring-reddit] [Thread-5] j.LocalContainerEntityManagerFactoryBean : Closing JPA EntityManagerFactory for persistence unit 'default'
2026-08-03T11:36:11.667+03:00  INFO 22256 --- [spring-reddit] [Thread-5] com.zaxxer.hikari.HikariDataSource       : HikariPool-2 - Shutdown initiated...
2026-08-03T11:36:11.960+03:00  INFO 22256 --- [spring-reddit] [Thread-5] com.zaxxer.hikari.HikariDataSource       : HikariPool-2 - Shutdown completed.
2026-08-03T11:36:12.050+03:00  INFO 22256 --- [spring-reddit] [restartedMain] c.example.springreddit.DemoApplication   : Starting DemoApplication using Java 26.0.2 with PID 22256 (C:\Users\Bizanu\Desktop\Spring_Reddit\SpringReddit\target\classes started by Bizanu in C:\Users\Bizanu\Desktop\Spring_Reddit)
2026-08-03T11:36:12.051+03:00 DEBUG 22256 --- [spring-reddit] [restartedMain] c.example.springreddit.DemoApplication   : Running with Spring Boot v4.1.0, Spring v7.0.8
2026-08-03T11:36:12.051+03:00  INFO 22256 --- [spring-reddit] [restartedMain] c.example.springreddit.DemoApplication   : No active profile set, falling back to 1 default profile: "default"
2026-08-03T11:36:12.277+03:00  INFO 22256 --- [spring-reddit] [restartedMain] .s.d.r.c.RepositoryConfigurationDelegate : Bootstrapping Spring Data JPA repositories in DEFAULT mode.
2026-08-03T11:36:12.310+03:00  INFO 22256 --- [spring-reddit] [restartedMain] .s.d.r.c.RepositoryConfigurationDelegate : Finished Spring Data repository scanning in 31 ms. Found 6 JPA repository interfaces.
2026-08-03T11:36:12.423+03:00  INFO 22256 --- [spring-reddit] [restartedMain] o.s.boot.tomcat.TomcatWebServer          : Tomcat initialized with port 8080 (http)
2026-08-03T11:36:12.424+03:00  INFO 22256 --- [spring-reddit] [restartedMain] o.apache.catalina.core.StandardService   : Starting service [Tomcat]
2026-08-03T11:36:12.424+03:00  INFO 22256 --- [spring-reddit] [restartedMain] o.apache.catalina.core.StandardEngine    : Starting Servlet engine: [Apache Tomcat/11.0.22]
2026-08-03T11:36:12.448+03:00  INFO 22256 --- [spring-reddit] [restartedMain] b.w.c.s.WebApplicationContextInitializer : Root WebApplicationContext: initialization completed in 395 ms
2026-08-03T11:36:12.482+03:00  INFO 22256 --- [spring-reddit] [restartedMain] org.hibernate.orm.jpa                    : HHH008540: Processing PersistenceUnitInfo [name: default]
2026-08-03T11:36:12.524+03:00  INFO 22256 --- [spring-reddit] [restartedMain] o.s.o.j.p.SpringPersistenceUnitInfo      : No LoadTimeWeaver setup: ignoring JPA class transformer
2026-08-03T11:36:12.526+03:00  INFO 22256 --- [spring-reddit] [restartedMain] com.zaxxer.hikari.HikariDataSource       : HikariPool-3 - Starting...
2026-08-03T11:36:12.824+03:00  INFO 22256 --- [spring-reddit] [restartedMain] com.zaxxer.hikari.pool.HikariPool        : HikariPool-3 - Added connection org.postgresql.jdbc.PgConnection@28bb77f0
2026-08-03T11:36:12.824+03:00  INFO 22256 --- [spring-reddit] [restartedMain] com.zaxxer.hikari.HikariDataSource       : HikariPool-3 - Start completed.
2026-08-03T11:36:13.007+03:00  INFO 22256 --- [spring-reddit] [restartedMain] org.hibernate.orm.connections.pooling    : HHH10001005: Database info:
	Database JDBC URL [jdbc:postgresql://ep-holy-wildflower-asaltfim-pooler.c-4.eu-central-1.aws.neon.tech/neondb?sslmode=require]
	Database driver: PostgreSQL JDBC Driver
	Database dialect: PostgreSQLDialect
	Database version: 18.4
	Default catalog/schema: neondb/public
	Autocommit mode: undefined/unknown
	Isolation level: READ_COMMITTED [default READ_COMMITTED]
	JDBC fetch size: none
	Pool: DataSourceConnectionProvider
	Minimum pool size: undefined/unknown
	Maximum pool size: undefined/unknown
2026-08-03T11:36:13.237+03:00  INFO 22256 --- [spring-reddit] [restartedMain] org.hibernate.orm.core                   : HHH000489: No JTA platform available (set 'hibernate.transaction.jta.platform' to enable JTA platform integration)
2026-08-03T11:36:13.537+03:00  INFO 22256 --- [spring-reddit] [restartedMain] j.LocalContainerEntityManagerFactoryBean : Initialized JPA EntityManagerFactory for persistence unit 'default'
2026-08-03T11:36:13.785+03:00  INFO 22256 --- [spring-reddit] [restartedMain] o.s.boot.tomcat.TomcatWebServer          : Tomcat started on port 8080 (http) with context path '/'
2026-08-03T11:36:13.788+03:00  INFO 22256 --- [spring-reddit] [restartedMain] c.example.springreddit.DemoApplication   : Started DemoApplication in 1.762 seconds (process running for 47.679)
2026-08-03T11:36:13.789+03:00  INFO 22256 --- [spring-reddit] [restartedMain] .ConditionEvaluationDeltaLoggingListener : Condition evaluation unchanged
2026-08-03T11:37:27.536+03:00  INFO 22256 --- [spring-reddit] [http-nio-8080-exec-1] o.a.c.c.C.[Tomcat].[localhost].[/]       : Initializing Spring DispatcherServlet 'dispatcherServlet'
2026-08-03T11:37:27.537+03:00  INFO 22256 --- [spring-reddit] [http-nio-8080-exec-1] o.s.web.servlet.DispatcherServlet        : Initializing Servlet 'dispatcherServlet'
2026-08-03T11:37:27.538+03:00  INFO 22256 --- [spring-reddit] [http-nio-8080-exec-1] o.s.web.servlet.DispatcherServlet        : Completed initialization in 1 ms
